                    Composite type "user_type"
       Column        |                Type                | Collation | Nullable | Default
---------------------+------------------------------------+-----------+----------+---------
 id                  | uuid_not_null                      |           |          |
 created_at          | timestamptz_not_null               |           |          |


-- Example comment 1
-- another sub-comment 1
-- (0 rows)

(0 rows)
